// Jest Snapshot v1, https://goo.gl/fbAQLP

exports[`PrivateRouteSnapshot should render Loader 1`] = `null`;

exports[`PrivateRouteSnapshot should render mock component 1`] = `null`;
